main.c:138:6:array_element_of_index_equal	32	static
main.c:159:5:main	16	static
main.c:261:6:SystemClock_Config	88	static
main.c:301:6:Initialize_Encoder_Count	4	static
main.c:307:6:Receive_Encoder_Count	4	static
main.c:352:6:Transmit_Data	8	static
main.c:377:6:Receive_Serial	32	static
main.c:390:6:Set_Motor_PID	8	static
main.c:422:6:Set_Motor_PWM	16	static
main.c:484:9:Calculate_Value	16	static
main.c:493:6:HAL_UART_RxCpltCallback	32	static
main.c:548:6:Error_Handler	4	static,ignoring_inline_asm
