main.c:122:6:array_element_of_index_equal	32	static
main.c:131:6:HAL_TIM_PeriodElapsedCallback	16	static
main.c:151:5:main	8	static
main.c:253:6:SystemClock_Config	88	static
main.c:293:6:Initialize_Encoder_Count	4	static
main.c:299:6:Receive_Encoder_Count	4	static
main.c:344:6:Transmit_Data	8	static
main.c:369:6:Receive_Serial	24	static
main.c:382:6:Set_Motor_PID	8	static
main.c:411:6:Set_Motor_PWM	16	static
main.c:472:9:Calculate_Value	16	static
main.c:480:6:HAL_UART_TxCpltCallback	16	static
main.c:485:6:HAL_UART_RxCpltCallback	16	static
main.c:494:6:Error_Handler	4	static,ignoring_inline_asm
